﻿[36mvite v7.3.1 [32mbuilding client environment for production...[36m[39m
transforming...
[32mΓ£ô[39m 2463 modules transformed.
npx : [31mΓ£ù[39m Build failed in 18.63s
At line:1 char:1
+ npx vite build > build_output.txt 2>&1
+ ~~~~~~~~~~~~~~~~~~~~~~~~~~~~~~~~~~~~~~
    + CategoryInfo          : NotSpecified: ([31mΓ£ù[39m Build failed in 18.63s:String) [], RemoteException
    + FullyQualifiedErrorId : NativeCommandError
 
[31merror during build:
[31msrc/pages/ClinicalEntry.jsx (17:4): "getClinicalIcd10" is not exported by "src/api/index.js", imported by 
"src/pages/ClinicalEntry.jsx".[31m
file: [36mC:/Users/deepa/Desktop/deep agency/hello-doctor-forentend/src/pages/ClinicalEntry.jsx:17:4[31m
[33m
15:     lookupAppointments,
16:     getMRDEntryPdfUrl,
17:     getClinicalIcd10,
        ^
18:     getClinicalMedicines,
19:     getClinicalInvestigations,
[31m
    at getRollupError (file:///C:/Users/deepa/Desktop/deep%20agency/hello-doctor-forentend/node_modules/rollup/dist/es/
shared/parseAst.js:402:41)
    at error (file:///C:/Users/deepa/Desktop/deep%20agency/hello-doctor-forentend/node_modules/rollup/dist/es/shared/pa
rseAst.js:398:42)
    at Module.error (file:///C:/Users/deepa/Desktop/deep%20agency/hello-doctor-forentend/node_modules/rollup/dist/es/sh
ared/node-entry.js:17040:16)
    at Module.traceVariable (file:///C:/Users/deepa/Desktop/deep%20agency/hello-doctor-forentend/node_modules/rollup/di
st/es/shared/node-entry.js:17452:29)
    at ModuleScope.findVariable (file:///C:/Users/deepa/Desktop/deep%20agency/hello-doctor-forentend/node_modules/rollu
p/dist/es/shared/node-entry.js:15070:39)
    at ReturnValueScope.findVariable (file:///C:/Users/deepa/Desktop/deep%20agency/hello-doctor-forentend/node_modules/
rollup/dist/es/shared/node-entry.js:5673:38)
    at FunctionBodyScope.findVariable (file:///C:/Users/deepa/Desktop/deep%20agency/hello-doctor-forentend/node_modules
/rollup/dist/es/shared/node-entry.js:5673:38)
    at ReturnValueScope.findVariable (file:///C:/Users/deepa/Desktop/deep%20agency/hello-doctor-forentend/node_modules/
rollup/dist/es/shared/node-entry.js:5673:38)
    at FunctionBodyScope.findVariable (file:///C:/Users/deepa/Desktop/deep%20agency/hello-doctor-forentend/node_modules
/rollup/dist/es/shared/node-entry.js:5673:38)
    at BlockScope.findVariable (file:///C:/Users/deepa/Desktop/deep%20agency/hello-doctor-forentend/node_modules/rollup
/dist/es/shared/node-entry.js:5673:38)[39m
